// Jest Snapshot v1, https://goo.gl/fbAQLP

exports[`ui/feed renders items 1`] = `
<div
  className="wrapper"
>
  <article
    className="article"
  >
    <div>
      <h2
        className="title"
      />
      <p
        className="excerpt"
      >
        a1
      </p>
      <div
        className="meta"
      >
        <span
          className="vote upvotes"
        >
          <svg
            className="mdi-icon "
            fill="currentColor"
            height={22}
            viewBox="0 0 24 24"
            width={22}
          >
            <path
              d="M12,7L17,12H14V16H10V12H7L12,7M12,22A10,10 0 0,1 2,12A10,10 0 0,1 12,2A10,10 0 0,1 22,12A10,10 0 0,1 12,22M12,20A8,8 0 0,0 20,12A8,8 0 0,0 12,4A8,8 0 0,0 4,12A8,8 0 0,0 12,20Z"
            />
          </svg>
        </span>
        <span
          className="vote downvotes"
        >
          <svg
            className="mdi-icon "
            fill="currentColor"
            height={22}
            viewBox="0 0 24 24"
            width={22}
          >
            <path
              d="M12,17L7,12H10V8H14V12H17L12,17M12,2A10,10 0 0,1 22,12A10,10 0 0,1 12,22A10,10 0 0,1 2,12A10,10 0 0,1 12,2M12,4A8,8 0 0,0 4,12A8,8 0 0,0 12,20A8,8 0 0,0 20,12A8,8 0 0,0 12,4Z"
            />
          </svg>
        </span>
      </div>
    </div>
    <div
      className="thumbnail"
    >
      <div
        className="src"
        height={120}
        objectFit="cover"
        src="https://www.taringa.net/article_background.svg"
        unoptimized={true}
        width={120}
      />
    </div>
  </article>
</div>
`;

exports[`ui/feed when isError renders error and try again button 1`] = `
<p>
  Error 
  <button
    onClick={[MockFunction]}
  >
    try again
  </button>
</p>
`;

exports[`ui/feed when isFetching data renders loader 1`] = `
<p>
  Loading...
</p>
`;

exports[`ui/feed when isIdle renders loader 1`] = `
<p>
  Loading...
</p>
`;
